src/games/_shared/components/FeedbackBurst.tsx(8,8): error TS6133: 'React' is declared but its value is never read.
src/games/_shared/components/GameHUD.tsx(6,1): error TS6133: 'React' is declared but its value is never read.
src/games/_shared/components/NumberLine.tsx(14,8): error TS6133: 'React' is declared but its value is never read.
src/games/_shared/components/NumberLine.tsx(14,25): error TS6133: 'useEffect' is declared but its value is never read.
src/games/_shared/components/StreakBadge.tsx(6,8): error TS6133: 'React' is declared but its value is never read.
src/games/_shared/components/TimerBar.tsx(10,8): error TS6133: 'React' is declared but its value is never read.
src/games/_shared/components/WeightTile.tsx(5,1): error TS6133: 'React' is declared but its value is never read.
src/games/_shared/components/WordCard.tsx(6,1): error TS6133: 'React' is declared but its value is never read.
src/games/_shared/services/GameEventLogger.ts(131,51): error TS2769: No overload matches this call.
  Overload 1 of 2, '(relation: "users" | "learning_modules" | "classes" | "adaptation_events" | "content_versions" | "user_baselines" | "learning_progress"): PostgrestQueryBuilder<{ PostgrestVersion: "12"; }, { ...; }, { ...; } | ... 5 more ... | { ...; }, "users" | ... 5 more ... | "learning_progress", [] | ... 4 more ... | [...]>', gave the following error.
    Argument of type '"game_events"' is not assignable to parameter of type '"users" | "learning_modules" | "classes" | "adaptation_events" | "content_versions" | "user_baselines" | "learning_progress"'.
  Overload 2 of 2, '(relation: never): PostgrestQueryBuilder<{ PostgrestVersion: "12"; }, { Tables: { adaptation_events: { Row: { action_taken: string; created_at: string; id: string; session_id: string; trigger_state: string; user_id: string; }; Insert: { ...; }; Update: { ...; }; Relationships: [...]; }; ... 5 more ...; users: { ...; }; }; Views: {}; Functions: {}; Enums: {}; CompositeTypes: {}; }, never, never, never>', gave the following error.
    Argument of type '"game_events"' is not assignable to parameter of type 'never'.
src/games/_shared/services/GameEventLogger.ts(131,73): error TS2769: No overload matches this call.
  Overload 1 of 2, '(values: { action_taken: string; created_at?: string | undefined; id?: string | undefined; session_id: string; trigger_state: string; user_id: string; } | { id?: string | undefined; name: string; class_code: string; teacher_id: string; created_at?: string | undefined; } | ... 4 more ... | { ...; }, options?: { ...; } | undefined): PostgrestFilterBuilder<...>', gave the following error.
    Argument of type '{ session_id: string; student_id: string; game_id: string; event_type: GameEventType; tier: DifficultyTier; adaptation_state: AdaptationState; ... 4 more ...; created_at: string; }[]' is not assignable to parameter of type '{ action_taken: string; created_at?: string | undefined; id?: string | undefined; session_id: string; trigger_state: string; user_id: string; } | { id?: string | undefined; name: string; class_code: string; teacher_id: string; created_at?: string | undefined; } | ... 4 more ... | { ...; }'.
  Overload 2 of 2, '(values: ({ action_taken: string; created_at?: string | undefined; id?: string | undefined; session_id: string; trigger_state: string; user_id: string; } | { id?: string | undefined; name: string; class_code: string; teacher_id: string; created_at?: string | undefined; } | ... 4 more ... | { ...; })[], options?: { ...; } | undefined): PostgrestFilterBuilder<...>', gave the following error.
    Argument of type '{ session_id: string; student_id: string; game_id: string; event_type: GameEventType; tier: DifficultyTier; adaptation_state: AdaptationState; ... 4 more ...; created_at: string; }[]' is not assignable to parameter of type '({ action_taken: string; created_at?: string | undefined; id?: string | undefined; session_id: string; trigger_state: string; user_id: string; } | { id?: string | undefined; name: string; class_code: string; teacher_id: string; created_at?: string | undefined; } | ... 4 more ... | { ...; })[]'.
      Type '{ session_id: string; student_id: string; game_id: string; event_type: GameEventType; tier: DifficultyTier; adaptation_state: AdaptationState; ... 4 more ...; created_at: string; }' is not assignable to type '{ action_taken: string; created_at?: string | undefined; id?: string | undefined; session_id: string; trigger_state: string; user_id: string; } | { id?: string | undefined; name: string; class_code: string; teacher_id: string; created_at?: string | undefined; } | ... 4 more ... | { ...; }'.
        Type '{ session_id: string; student_id: string; game_id: string; event_type: GameEventType; tier: DifficultyTier; adaptation_state: AdaptationState; ... 4 more ...; created_at: string; }' is missing the following properties from type '{ id?: string | undefined; student_id: string; module_id: string; session_id: string; difficulty_stage: string; score: number; total_questions: number; duration_seconds?: number | null | undefined; completed_at?: string | ... 1 more ... | undefined; }': module_id, difficulty_stage, score, total_questions
src/games/math/BalanceScale/BalanceScale.tsx(17,9): error TS6133: 'adaptationState' is declared but its value is never read.
